[www.azstudio.agency/index.html]
[backblue.gif]
[fade.gif]
[index.html]
[static.tildacdn.net/tild3131-3836-4635-a461-356237623338/photo.jpg]
[static.tildacdn.net/tild3733-6430-4531-b234-656161383936/photo.png]
[neo.tildacdn.com/js/tilda-fallback-1.0.min.js]
[static.tildacdn.net/css/tilda-grid-3.0.min.css]
[static.tildacdn.net/ws/project6225424/tilda-blocks-page33953413.min646c.css]
[static.tildacdn.net/css/tilda-animation-2.0.min.css]
[static.tildacdn.net/css/highlight.min.css]
[static.tildacdn.net/css/tilda-popup-1.1.min.css]
[static.tildacdn.net/css/tilda-slds-1.4.min.css]
[static.tildacdn.net/css/tilda-catalog-1.1.min.css]
[static.tildacdn.net/css/tilda-forms-1.0.min.css]
[static.tildacdn.net/css/tilda-feed-1.0.min.css]
[static.tildacdn.net/css/tilda-menusub-1.0.min.css]
[static.tildacdn.net/css/tilda-zoom-2.0.min.css]
[static.tildacdn.net/js/tilda-polyfill-1.0.min.js]
[www.azstudio.agency/OPR/index.html]
[static.tildacdn.net/js/tilda-scripts-3.0.min.js]
[static.tildacdn.net/js/jquery-1.10.2.min.js]
[static.tildacdn.net/ws/project6225424/tilda-blocks-page33953413.min646c.js]
[static.tildacdn.net/js/tilda-lazyload-1.0.min.js]
[static.tildacdn.net/js/tilda-animation-2.0.min.js]
[static.tildacdn.net/js/tilda-zero-1.1.min.js]
[static.tildacdn.net/js/tilda-submenublocks-1.0.min.js]
[static.tildacdn.net/js/highlight.min.js]
[static.tildacdn.net/js/hammer.min.js]
[static.tildacdn.net/js/tilda-slds-1.4.min.js]
[static.tildacdn.net/js/tilda-products-1.0.min.js]
[static.tildacdn.net/js/tilda-text-clamp.min.js]
[static.tildacdn.net/js/tilda-feed-1.0.min.js]
[static.tildacdn.net/js/tilda-popup-1.0.min.js]
[static.tildacdn.net/js/tilda-forms-1.0.min.js]
[static.tildacdn.net/js/tilda-menusub-1.0.min.js]
[static.tildacdn.net/js/tilda-menu-1.0.min.js]
[static.tildacdn.net/js/tilda-catalog-1.1.min.js]
[static.tildacdn.net/js/tilda-zero-forms-1.0.min.js]
[static.tildacdn.net/js/tilda-animation-sbs-1.0.min.js]
[static.tildacdn.net/js/tilda-zoom-2.0.min.js]
[static.tildacdn.net/js/tilda-zero-scale-1.0.min.js]
[static.tildacdn.net/js/tilda-zero-fixed-1.0.min.js]
[static.tildacdn.net/js/tilda-skiplink-1.0.min.js]
[static.tildacdn.net/js/tilda-events-1.0.min.js]
[www.azstudio.agency/ru.html]
[www.azstudio.agency/page.html]
[www.azstudio.agency/file/d/index.html]
[cdnjs.cloudflare.com/ajax/libs/overlayscrollbars/2.2.0/browser/overlayscrollbars.browser.es6.min.js]
[cdnjs.cloudflare.com/ajax/libs/overlayscrollbars/2.2.0/styles/overlayscrollbars.min.css]
[static.tildacdn.net/tild3465-3233-4238-a538-613963346138/image.png]
[static.tildacdn.net/tild6431-3861-4566-b537-643537613064/Rectangle_4_1.jpg]
[static.tildacdn.net/tild3363-3037-4665-b534-323866323538/image.png]
[static.tildacdn.net/tild3034-3935-4432-b361-656332303739/D093D180D183D0BFD0BF.jpg]
[www.azstudio.agency/projects.html]
[unpkg.com/scrollbooster@3.0.2/dist/scrollbooster.min.js]
[static.tildacdn.net/tild3563-6331-4237-a331-376335313033/noroot.png]
[static.tildacdn.net/tild6538-3135-4131-b737-336233393963/noroot.png]
[static.tildacdn.net/tild6536-3935-4664-a633-366538653866/noroot.png]
[static.tildacdn.net/tild6661-3538-4463-b333-636637653665/noroot.png]
[static.tildacdn.net/tild6132-3036-4463-b635-383063663834/image.png]
[static.tildacdn.net/tild3761-6431-4332-b261-393763623062/image.png]
[static.tildacdn.net/tild3832-3034-4964-b761-613237303138/image.png]
[www.azstudio.agency/t.me]
[www.azstudio.agency/wa.me]
[www.azstudio.agency/vk.me]
[www.azstudio.agency/m.me]
[www.azstudio.agency/policy.html]
[www.azstudio.agency/offer.html]
[static.tildacdn.net/js/tilda-phone-mask-1.1.min.js]
[www.azstudio.agency/brandidentity.html]
[www.azstudio.agency/ux_ui.html]
[www.azstudio.agency/designsupport.html]
[www.azstudio.agency/index.html]
[static.tildacdn.net/css/tilda-grid-3.0.min.css]
[static.tildacdn.net/ws/project6225424/tilda-blocks-page33953413.min646c.css]
[static.tildacdn.net/css/tilda-animation-2.0.min.css]
[static.tildacdn.net/css/highlight.min.css]
[static.tildacdn.net/css/tilda-popup-1.1.min.css]
[static.tildacdn.net/css/tilda-slds-1.4.min.css]
[static.tildacdn.net/css/tilda-catalog-1.1.min.css]
[static.tildacdn.net/css/tilda-forms-1.0.min.css]
[static.tildacdn.net/css/tilda-feed-1.0.min.css]
[static.tildacdn.net/css/tilda-menusub-1.0.min.css]
[static.tildacdn.net/css/tilda-zoom-2.0.min.css]
[www.azstudio.agency/custom646c.css]
[www.azstudio.agency/OPR/index.html]
[static.tildacdn.net/js/tilda-stat-1.0.min.js]
[static.tildacdn.net/ws/project6225424/tilda-blocks-page42980592.min646c.css]
[static.tildacdn.net/ws/project6225424/tilda-blocks-page42980592.min646c.js]
[static.tildacdn.net/tild3466-6632-4938-b530-333630353438/Rectangle_4dfsd_1.jpg]
[static.tildacdn.net/tild3130-3634-4635-b232-303566306538/2.jpg]
[static.tildacdn.net/tild3462-6237-4430-b432-633139653165/Rectangle_3173_2.jpg]
[static.tildacdn.net/tild6239-3738-4038-b165-326464383563/Rectangle_3174.jpg]
[static.tildacdn.net/tild3534-6132-4362-b466-623562333138/Rectangle_3175.jpg]
[www.azstudio.agency/ru/projects.html]
[www.azstudio.agency/ru/brandidentity.html]
[www.azstudio.agency/ru/ux_ui.html]
[www.azstudio.agency/ru.html]
[www.azstudio.agency/ru/designsupport.html]
[static.tildacdn.net/ws/project6225424/tilda-blocks-page42791289.min646c.css]
[www.azstudio.agency/page.html]
[www.azstudio.agency/file/d/index.html]
[cdnjs.cloudflare.com/ajax/libs/overlayscrollbars/2.2.0/styles/overlayscrollbars.min.css]
[static.tildacdn.net/ws/project6225424/tilda-blocks-page42791289.min646c.js]
[static.tildacdn.net/tild6637-3165-4233-b862-356265383537/image.png]
[static.tildacdn.net/ws/project6225424/tilda-blocks-page31129052.min646c.css]
[static.tildacdn.net/ws/project6225424/tilda-blocks-page31129052.min646c.js]
[static.tildacdn.net/tild3261-6633-4739-a339-626439316634/Rectangle203.jpg]
[static.tildacdn.net/tild6366-3735-4461-a639-666663386463/Rectangle_3_2_1.jpg]
[static.tildacdn.net/tild6132-6534-4761-a263-376537306335/Group_21673_3_1.jpg]
[static.tildacdn.net/tild3561-3134-4137-a437-396565323966/_1.jpg]
[static.tildacdn.net/tild6137-3438-4661-b334-333965356663/16-MacBook-Pro-Mocku.jpg]
[static.tildacdn.net/tild3866-3835-4165-b933-643638626132/Rectangle_685_1.jpg]
[static.tildacdn.net/tild3132-3235-4463-b364-396162393231/Screenshot_2023-10-0.jpg]
[static.tildacdn.net/tild3436-3430-4364-b133-643339646431/16-MacBook-Pro-Mocku.jpg]
[static.tildacdn.net/tild3937-3432-4565-b838-303065636132/Group_21679_1.jpg]
[static.tildacdn.net/tild6366-3265-4961-b861-663437373430/Rectangle_146_1.jpg]
[static.tildacdn.net/tild3238-3830-4432-a366-346665393032/Group_21681_1.jpg]
[www.azstudio.agency/projects.html]
[www.azstudio.agency/t.html]
[www.azstudio.agency/wa.html]
[www.azstudio.agency/vk.html]
[www.azstudio.agency/m.html]
[static.tildacdn.net/ws/project6225424/tilda-blocks-page42891693.min646c.css]
[www.azstudio.agency/policy.html]
[static.tildacdn.net/ws/project6225424/tilda-blocks-page42891693.min646c.js]
[static.tildacdn.net/ws/project6225424/tilda-blocks-page42893244.min646c.css]
[www.azstudio.agency/offer.html]
[static.tildacdn.net/ws/project6225424/tilda-blocks-page42893244.min646c.js]
[static.tildacdn.net/ws/project6225424/tilda-blocks-page46995969.mindc81.css]
[www.azstudio.agency/brandidentity.html]
[static.tildacdn.net/ws/project6225424/tilda-blocks-page46995969.mindc81.js]
[static.tildacdn.net/ws/project6225424/tilda-blocks-page46960303.min646c.css]
[www.azstudio.agency/ux_ui.html]
[static.tildacdn.net/ws/project6225424/tilda-blocks-page46960303.min646c.js]
[static.tildacdn.net/ws/project6225424/tilda-blocks-page46995649.mindc81.css]
[www.azstudio.agency/designsupport.html]
[static.tildacdn.net/ws/project6225424/tilda-blocks-page42980592.min646c.css]
[static.tildacdn.net/ws/project6225424/tilda-blocks-page46995649.mindc81.js]
[static.tildacdn.net/ws/project6225424/tilda-blocks-page43848717.min646c.css]
[static.tildacdn.net/ws/project6225424/tilda-blocks-page43848717.min646c.js]
[www.azstudio.agency/ru/OPR/index.html]
[static.tildacdn.net/tild6462-3032-4330-b632-656565626165/Rectangle_5_1.jpg]
[static.tildacdn.net/tild3038-3339-4831-a237-336635343261/Screenshot_2023-10-0.jpg]
[www.azstudio.agency/ru/projects.html]
[static.tildacdn.net/ws/project6225424/tilda-blocks-page46996695.mindc81.css]
[www.azstudio.agency/ru/brandidentity.html]
[static.tildacdn.net/ws/project6225424/tilda-blocks-page46996695.mindc81.js]
[static.tildacdn.net/ws/project6225424/tilda-blocks-page46996097.mindc81.css]
[www.azstudio.agency/ru/ux_ui.html]
[static.tildacdn.net/ws/project6225424/tilda-blocks-page46996097.mindc81.js]
[static.tildacdn.net/ws/project6225424/tilda-blocks-page46996577.mindc81.css]
[www.azstudio.agency/ru/designsupport.html]
[static.tildacdn.net/ws/project6225424/tilda-blocks-page42791289.min646c.css]
[static.tildacdn.net/ws/project6225424/tilda-blocks-page31129052.min646c.css]
[static.tildacdn.net/ws/project6225424/tilda-blocks-page42891693.min646c.css]
[static.tildacdn.net/ws/project6225424/tilda-blocks-page42893244.min646c.css]
[static.tildacdn.net/ws/project6225424/tilda-blocks-page46995969.mindc81.css]
[www.azstudio.agency/customdc81.css]
[static.tildacdn.net/ws/project6225424/tilda-blocks-page46960303.min646c.css]
[static.tildacdn.net/ws/project6225424/tilda-blocks-page46995649.mindc81.css]
[static.tildacdn.net/ws/project6225424/tilda-blocks-page43848717.min646c.css]
[www.azstudio.agency/ru/OPR/index.html]
[static.tildacdn.net/ws/project6225424/tilda-blocks-page46996695.mindc81.css]
[static.tildacdn.net/ws/project6225424/tilda-blocks-page46996097.mindc81.css]
[static.tildacdn.net/ws/project6225424/tilda-blocks-page46996577.mindc81.css]
[static.tildacdn.net/ws/project6225424/tilda-blocks-page46996577.mindc81.js]
[thb.tildacdn.net/tild6566-3933-4933-a139-626364316338/-/resizeb/20x/6_1.jpg]
[thb.tildacdn.net/tild6538-6566-4465-a336-333535383537/-/resizeb/20x/7_1.jpg]
[thb.tildacdn.net/tild3462-6639-4761-b837-643336643833/-/resizeb/20x/2_1.jpg]
[thb.tildacdn.net/tild3966-3961-4839-a263-313132633662/-/resizeb/20x/Rectangle_703.jpg]
[thb.tildacdn.net/tild6639-6434-4733-b664-663061386536/-/resizeb/20x/3_1.jpg]
[thb.tildacdn.net/tild3436-3266-4330-b866-386333323236/-/resizeb/20x/5.jpg]
[thb.tildacdn.net/tild3932-3635-4933-a530-383030323537/-/resizeb/20x/6_1.jpg]
[thb.tildacdn.net/tild3135-3632-4439-a231-666134633035/-/resizeb/20x/5.jpg]
[thb.tildacdn.net/tild3563-6331-4237-a331-376335313033/-/resizeb/20x/noroot.png]
[thb.tildacdn.net/tild6538-3135-4131-b737-336233393963/-/resizeb/20x/noroot.png]
[thb.tildacdn.net/tild6536-3935-4664-a633-366538653866/-/resizeb/20x/noroot.png]
[thb.tildacdn.net/tild6661-3538-4463-b333-636637653665/-/resizeb/20x/noroot.png]
[thb.tildacdn.net/tild6132-3036-4463-b635-383063663834/-/resizeb/20x/image.png]
[thb.tildacdn.net/tild3761-6431-4332-b261-393763623062/-/resizeb/20x/image.png]
[thb.tildacdn.net/tild3832-3034-4964-b761-613237303138/-/resizeb/20x/image.png]
[thb.tildacdn.net/tild3134-3565-4139-a632-373031353831/-/resizeb/20x/6_1.jpg]
[thb.tildacdn.net/tild3834-3733-4338-a661-313833353034/-/resizeb/20x/7_1.jpg]
[thb.tildacdn.net/tild6163-6435-4666-a437-633032383639/-/resizeb/20x/4_1.jpg]
[thb.tildacdn.net/tild3633-3335-4964-b137-363563626666/-/resizeb/20x/6_1.jpg]
[thb.tildacdn.net/tild3462-6237-4430-b432-633139653165/-/resizeb/20x/Rectangle_3173_2.jpg]
[thb.tildacdn.net/tild6239-3738-4038-b165-326464383563/-/resizeb/20x/Rectangle_3174.jpg]
[thb.tildacdn.net/tild3534-6132-4362-b466-623562333138/-/resizeb/20x/Rectangle_3175.jpg]
